[ERROR] COMPILATION ERROR : 
[ERROR] /D:/项目管理/小程序搭建与管理系统/backend/src/main/java/com/miniprogram/service/RefundService.java:[10,40] 找不到符号
[ERROR] /D:/项目管理/小程序搭建与管理系统/backend/src/main/java/com/miniprogram/service/AiRecommendationService.java:[29,101] 程序包AiConversation不存在
[ERROR] /D:/项目管理/小程序搭建与管理系统/backend/src/main/java/com/miniprogram/service/ProductService.java:[12,41] 找不到符号
[ERROR] /D:/项目管理/小程序搭建与管理系统/backend/src/main/java/com/miniprogram/service/OrderService.java:[10,39] 找不到符号
[ERROR] /D:/项目管理/小程序搭建与管理系统/backend/src/main/java/com/miniprogram/aspect/OperationLogAspect.java:[102,31] 对OperationLog的引用不明确
[ERROR] /D:/项目管理/小程序搭建与管理系统/backend/src/main/java/com/miniprogram/aspect/OperationLogAspect.java:[123,34] 对OperationLog的引用不明确
[ERROR] /D:/项目管理/小程序搭建与管理系统/backend/src/main/java/com/miniprogram/aspect/OperationLogAspect.java:[5,1] com.miniprogram.annotation.OperationLog的 single-type-import 已定义具有相同简名的类型
[ERROR] /D:/项目管理/小程序搭建与管理系统/backend/src/main/java/com/miniprogram/service/CartService.java:[12,38] 找不到符号
[ERROR] /D:/项目管理/小程序搭建与管理系统/backend/src/main/java/com/miniprogram/service/ProductCategoryService.java:[12,49] 找不到符号
[ERROR] /D:/项目管理/小程序搭建与管理系统/backend/src/main/java/com/miniprogram/entity/Content.java:[15,30] 找不到符号
[ERROR] /D:/项目管理/小程序搭建与管理系统/backend/src/main/java/com/miniprogram/service/PaymentService.java:[9,41] 找不到符号
[ERROR] /D:/项目管理/小程序搭建与管理系统/backend/src/main/java/com/miniprogram/entity/ContentCategory.java:[13,38] 找不到符号
[ERROR] /D:/项目管理/小程序搭建与管理系统/backend/src/main/java/com/miniprogram/entity/ContentTag.java:[13,33] 找不到符号
[ERROR] /D:/项目管理/小程序搭建与管理系统/backend/src/main/java/com/miniprogram/service/impl/SystemConfigServiceImpl.java:[59,21] 方法引用无效
[ERROR] /D:/项目管理/小程序搭建与管理系统/backend/src/main/java/com/miniprogram/service/impl/SystemConfigServiceImpl.java:[60,29] 方法引用无效
[ERROR] /D:/项目管理/小程序搭建与管理系统/backend/src/main/java/com/miniprogram/service/impl/SystemConfigServiceImpl.java:[69,38] 找不到符号
[ERROR] /D:/项目管理/小程序搭建与管理系统/backend/src/main/java/com/miniprogram/service/impl/SystemConfigServiceImpl.java:[71,57] 找不到符号
[ERROR] /D:/项目管理/小程序搭建与管理系统/backend/src/main/java/com/miniprogram/service/impl/SystemConfigServiceImpl.java:[71,25] 方法引用无效
[ERROR] /D:/项目管理/小程序搭建与管理系统/backend/src/main/java/com/miniprogram/service/impl/SystemConfigServiceImpl.java:[75,41] 找不到符号
[ERROR] /D:/项目管理/小程序搭建与管理系统/backend/src/main/java/com/miniprogram/service/impl/SystemConfigServiceImpl.java:[76,43] 找不到符号
[ERROR] /D:/项目管理/小程序搭建与管理系统/backend/src/main/java/com/miniprogram/service/impl/SystemConfigServiceImpl.java:[77,23] 找不到符号
[ERROR] /D:/项目管理/小程序搭建与管理系统/backend/src/main/java/com/miniprogram/service/impl/SystemConfigServiceImpl.java:[77,63] 找不到符号
[ERROR] /D:/项目管理/小程序搭建与管理系统/backend/src/main/java/com/miniprogram/service/impl/SystemConfigServiceImpl.java:[77,88] 找不到符号
[ERROR] /D:/项目管理/小程序搭建与管理系统/backend/src/main/java/com/miniprogram/service/impl/SystemConfigServiceImpl.java:[78,43] 找不到符号
[ERROR] /D:/项目管理/小程序搭建与管理系统/backend/src/main/java/com/miniprogram/service/impl/SystemConfigServiceImpl.java:[82,43] 找不到符号
[ERROR] /D:/项目管理/小程序搭建与管理系统/backend/src/main/java/com/miniprogram/service/impl/SystemConfigServiceImpl.java:[83,45] 找不到符号
[ERROR] /D:/项目管理/小程序搭建与管理系统/backend/src/main/java/com/miniprogram/service/impl/SystemConfigServiceImpl.java:[84,47] 找不到符号
[ERROR] /D:/项目管理/小程序搭建与管理系统/backend/src/main/java/com/miniprogram/service/impl/SystemConfigServiceImpl.java:[86,25] 找不到符号
[ERROR] /D:/项目管理/小程序搭建与管理系统/backend/src/main/java/com/miniprogram/service/impl/SystemConfigServiceImpl.java:[87,47] 找不到符号
[ERROR] /D:/项目管理/小程序搭建与管理系统/backend/src/main/java/com/miniprogram/service/impl/SystemConfigServiceImpl.java:[102,21] 方法引用无效
[ERROR] /D:/项目管理/小程序搭建与管理系统/backend/src/main/java/com/miniprogram/service/impl/SystemConfigServiceImpl.java:[103,58] 找不到符号
[ERROR] /D:/项目管理/小程序搭建与管理系统/backend/src/main/java/com/miniprogram/service/impl/SystemConfigServiceImpl.java:[106,22] 找不到符号
[ERROR] /D:/项目管理/小程序搭建与管理系统/backend/src/main/java/com/miniprogram/service/impl/SystemConfigServiceImpl.java:[112,21] 方法引用无效
[ERROR] /D:/项目管理/小程序搭建与管理系统/backend/src/main/java/com/miniprogram/service/impl/SystemConfigServiceImpl.java:[116,30] 找不到符号
[ERROR] /D:/项目管理/小程序搭建与管理系统/backend/src/main/java/com/miniprogram/service/impl/SystemConfigServiceImpl.java:[116,53] 找不到符号
[ERROR] /D:/项目管理/小程序搭建与管理系统/backend/src/main/java/com/miniprogram/service/impl/SystemConfigServiceImpl.java:[134,50] 找不到符号
[ERROR] /D:/项目管理/小程序搭建与管理系统/backend/src/main/java/com/miniprogram/service/impl/SystemConfigServiceImpl.java:[135,46] 找不到符号
[ERROR] /D:/项目管理/小程序搭建与管理系统/backend/src/main/java/com/miniprogram/service/impl/SystemConfigServiceImpl.java:[136,51] 找不到符号
[ERROR] /D:/项目管理/小程序搭建与管理系统/backend/src/main/java/com/miniprogram/service/impl/AuthServiceImpl.java:[42,65] 找不到符号
[ERROR] /D:/项目管理/小程序搭建与管理系统/backend/src/main/java/com/miniprogram/service/impl/AuthServiceImpl.java:[48,41] 找不到符号
[ERROR] /D:/项目管理/小程序搭建与管理系统/backend/src/main/java/com/miniprogram/service/impl/AuthServiceImpl.java:[48,66] 找不到符号
[ERROR] /D:/项目管理/小程序搭建与管理系统/backend/src/main/java/com/miniprogram/service/impl/AuthServiceImpl.java:[53,22] 找不到符号
[ERROR] /D:/项目管理/小程序搭建与管理系统/backend/src/main/java/com/miniprogram/service/impl/AuthServiceImpl.java:[58,65] 找不到符号
[ERROR] /D:/项目管理/小程序搭建与管理系统/backend/src/main/java/com/miniprogram/service/impl/AuthServiceImpl.java:[59,52] 找不到符号
[ERROR] /D:/项目管理/小程序搭建与管理系统/backend/src/main/java/com/miniprogram/service/impl/AuthServiceImpl.java:[60,46] 找不到符号
[ERROR] /D:/项目管理/小程序搭建与管理系统/backend/src/main/java/com/miniprogram/service/impl/AuthServiceImpl.java:[63,70] 找不到符号
[ERROR] /D:/项目管理/小程序搭建与管理系统/backend/src/main/java/com/miniprogram/service/impl/AuthServiceImpl.java:[63,89] 找不到符号
[ERROR] /D:/项目管理/小程序搭建与管理系统/backend/src/main/java/com/miniprogram/service/impl/AuthServiceImpl.java:[64,78] 找不到符号
[ERROR] /D:/项目管理/小程序搭建与管理系统/backend/src/main/java/com/miniprogram/service/impl/AuthServiceImpl.java:[64,97] 找不到符号
[ERROR] /D:/项目管理/小程序搭建与管理系统/backend/src/main/java/com/miniprogram/service/impl/AuthServiceImpl.java:[67,18] 找不到符号
[ERROR] /D:/项目管理/小程序搭建与管理系统/backend/src/main/java/com/miniprogram/service/impl/AuthServiceImpl.java:[71,23] 找不到符号
[ERROR] /D:/项目管理/小程序搭建与管理系统/backend/src/main/java/com/miniprogram/service/impl/AuthServiceImpl.java:[76,34] 找不到符号
[ERROR] /D:/项目管理/小程序搭建与管理系统/backend/src/main/java/com/miniprogram/service/impl/AuthServiceImpl.java:[77,36] 找不到符号
[ERROR] /D:/项目管理/小程序搭建与管理系统/backend/src/main/java/com/miniprogram/service/impl/AuthServiceImpl.java:[78,36] 找不到符号
[ERROR] /D:/项目管理/小程序搭建与管理系统/backend/src/main/java/com/miniprogram/service/impl/AuthServiceImpl.java:[87,48] 找不到符号
[ERROR] /D:/项目管理/小程序搭建与管理系统/backend/src/main/java/com/miniprogram/service/impl/AuthServiceImpl.java:[92,62] 找不到符号
[ERROR] /D:/项目管理/小程序搭建与管理系统/backend/src/main/java/com/miniprogram/service/impl/AuthServiceImpl.java:[93,68] 找不到符号
[ERROR] /D:/项目管理/小程序搭建与管理系统/backend/src/main/java/com/miniprogram/service/impl/AuthServiceImpl.java:[100,22] 找不到符号
[ERROR] /D:/项目管理/小程序搭建与管理系统/backend/src/main/java/com/miniprogram/service/impl/AuthServiceImpl.java:[105,65] 找不到符号
[ERROR] /D:/项目管理/小程序搭建与管理系统/backend/src/main/java/com/miniprogram/service/impl/AuthServiceImpl.java:[106,52] 找不到符号
[ERROR] /D:/项目管理/小程序搭建与管理系统/backend/src/main/java/com/miniprogram/service/impl/AuthServiceImpl.java:[107,46] 找不到符号
[ERROR] /D:/项目管理/小程序搭建与管理系统/backend/src/main/java/com/miniprogram/service/impl/AuthServiceImpl.java:[114,23] 找不到符号
[ERROR] /D:/项目管理/小程序搭建与管理系统/backend/src/main/java/com/miniprogram/service/impl/AuthServiceImpl.java:[121,36] 找不到符号
[ERROR] /D:/项目管理/小程序搭建与管理系统/backend/src/main/java/com/miniprogram/service/impl/AuthServiceImpl.java:[131,9] 找不到符号
[ERROR] /D:/项目管理/小程序搭建与管理系统/backend/src/main/java/com/miniprogram/service/impl/AuthServiceImpl.java:[142,65] 找不到符号
[ERROR] /D:/项目管理/小程序搭建与管理系统/backend/src/main/java/com/miniprogram/service/impl/AuthServiceImpl.java:[143,52] 找不到符号
[ERROR] /D:/项目管理/小程序搭建与管理系统/backend/src/main/java/com/miniprogram/service/impl/AuthServiceImpl.java:[144,46] 找不到符号
[ERROR] /D:/项目管理/小程序搭建与管理系统/backend/src/main/java/com/miniprogram/service/impl/AuthServiceImpl.java:[145,85] 找不到符号
[ERROR] /D:/项目管理/小程序搭建与管理系统/backend/src/main/java/com/miniprogram/service/impl/AuthServiceImpl.java:[147,27] 找不到符号
[ERROR] /D:/项目管理/小程序搭建与管理系统/backend/src/main/java/com/miniprogram/service/impl/AuthServiceImpl.java:[148,30] 找不到符号
[ERROR] /D:/项目管理/小程序搭建与管理系统/backend/src/main/java/com/miniprogram/service/impl/AuthServiceImpl.java:[149,36] 找不到符号
[ERROR] /D:/项目管理/小程序搭建与管理系统/backend/src/main/java/com/miniprogram/service/impl/AuthServiceImpl.java:[150,36] 找不到符号
[ERROR] /D:/项目管理/小程序搭建与管理系统/backend/src/main/java/com/miniprogram/service/impl/AuthServiceImpl.java:[151,33] 找不到符号
[ERROR] /D:/项目管理/小程序搭建与管理系统/backend/src/main/java/com/miniprogram/service/impl/AuthServiceImpl.java:[152,37] 找不到符号
[ERROR] /D:/项目管理/小程序搭建与管理系统/backend/src/main/java/com/miniprogram/service/impl/AuthServiceImpl.java:[153,34] 找不到符号
[ERROR] /D:/项目管理/小程序搭建与管理系统/backend/src/main/java/com/miniprogram/service/impl/AuthServiceImpl.java:[156,34] 找不到符号
[ERROR] /D:/项目管理/小程序搭建与管理系统/backend/src/main/java/com/miniprogram/service/impl/AuthServiceImpl.java:[157,39] 找不到符号
[ERROR] /D:/项目管理/小程序搭建与管理系统/backend/src/main/java/com/miniprogram/service/impl/AuthServiceImpl.java:[158,38] 找不到符号
[ERROR] /D:/项目管理/小程序搭建与管理系统/backend/src/main/java/com/miniprogram/service/impl/AuthServiceImpl.java:[172,41] 找不到符号
[ERROR] /D:/项目管理/小程序搭建与管理系统/backend/src/main/java/com/miniprogram/service/impl/AuthServiceImpl.java:[172,69] 找不到符号
[ERROR] /D:/项目管理/小程序搭建与管理系统/backend/src/main/java/com/miniprogram/service/impl/AuthServiceImpl.java:[177,61] 找不到符号
[ERROR] /D:/项目管理/小程序搭建与管理系统/backend/src/main/java/com/miniprogram/service/impl/AuthServiceImpl.java:[179,9] 找不到符号
[ERROR] /D:/项目管理/小程序搭建与管理系统/backend/src/main/java/com/miniprogram/security/JwtTokenProvider.java:[68,13] 找不到符号
[ERROR] /D:/项目管理/小程序搭建与管理系统/backend/src/main/java/com/miniprogram/security/JwtTokenProvider.java:[70,13] 找不到符号
[ERROR] /D:/项目管理/小程序搭建与管理系统/backend/src/main/java/com/miniprogram/security/JwtTokenProvider.java:[72,13] 找不到符号
[ERROR] /D:/项目管理/小程序搭建与管理系统/backend/src/main/java/com/miniprogram/security/JwtTokenProvider.java:[74,13] 找不到符号
[ERROR] /D:/项目管理/小程序搭建与管理系统/backend/src/main/java/com/miniprogram/security/JwtTokenProvider.java:[76,13] 找不到符号
[ERROR] /D:/项目管理/小程序搭建与管理系统/backend/src/main/java/com/miniprogram/service/impl/FormTemplateServiceImpl.java:[41,97] 找不到符号
[ERROR] /D:/项目管理/小程序搭建与管理系统/backend/src/main/java/com/miniprogram/service/impl/FormTemplateServiceImpl.java:[41,66] 方法引用无效
[ERROR] /D:/项目管理/小程序搭建与管理系统/backend/src/main/java/com/miniprogram/service/impl/FormTemplateServiceImpl.java:[41,50] 找不到符号
[ERROR] /D:/项目管理/小程序搭建与管理系统/backend/src/main/java/com/miniprogram/service/impl/FormTemplateServiceImpl.java:[42,28] 找不到符号
[ERROR] /D:/项目管理/小程序搭建与管理系统/backend/src/main/java/com/miniprogram/service/impl/FormTemplateServiceImpl.java:[42,83] 找不到符号
[ERROR] /D:/项目管理/小程序搭建与管理系统/backend/src/main/java/com/miniprogram/service/impl/FormTemplateServiceImpl.java:[42,50] 方法引用无效
[ERROR] /D:/项目管理/小程序搭建与管理系统/backend/src/main/java/com/miniprogram/service/impl/FormTemplateServiceImpl.java:[43,29] 方法引用无效
[ERROR] /D:/项目管理/小程序搭建与管理系统/backend/src/main/java/com/miniprogram/service/impl/FormTemplateServiceImpl.java:[46,100] 找不到符号
[ERROR] /D:/项目管理/小程序搭建与管理系统/backend/src/main/java/com/miniprogram/service/impl/FormTemplateServiceImpl.java:[46,123] 找不到符号
[ERROR] /D:/项目管理/小程序搭建与管理系统/backend/src/main/java/com/miniprogram/service/impl/FormTemplateServiceImpl.java:[49,15] 找不到符号
[ERROR] /D:/项目管理/小程序搭建与管理系统/backend/src/main/java/com/miniprogram/service/impl/FormTemplateServiceImpl.java:[50,15] 找不到符号
[ERROR] /D:/项目管理/小程序搭建与管理系统/backend/src/main/java/com/miniprogram/service/impl/FormTemplateServiceImpl.java:[51,15] 找不到符号
[ERROR] /D:/项目管理/小程序搭建与管理系统/backend/src/main/java/com/miniprogram/service/impl/FormTemplateServiceImpl.java:[52,15] 找不到符号
[ERROR] Failed to execute goal org.apache.maven.plugins:maven-compiler-plugin:3.11.0:compile (default-compile) on project mini-program-platform: Compilation failure: Compilation failure: 
[ERROR] /D:/项目管理/小程序搭建与管理系统/backend/src/main/java/com/miniprogram/service/RefundService.java:[10,40] 找不到符号
[ERROR]   符号: 类 IService
[ERROR] /D:/项目管理/小程序搭建与管理系统/backend/src/main/java/com/miniprogram/service/AiRecommendationService.java:[29,101] 程序包AiConversation不存在
[ERROR] /D:/项目管理/小程序搭建与管理系统/backend/src/main/java/com/miniprogram/service/ProductService.java:[12,41] 找不到符号
[ERROR]   符号: 类 IService
[ERROR] /D:/项目管理/小程序搭建与管理系统/backend/src/main/java/com/miniprogram/service/OrderService.java:[10,39] 找不到符号
[ERROR]   符号: 类 IService
[ERROR] /D:/项目管理/小程序搭建与管理系统/backend/src/main/java/com/miniprogram/aspect/OperationLogAspect.java:[102,31] 对OperationLog的引用不明确
[ERROR]   com.miniprogram.annotation 中的类 com.miniprogram.annotation.OperationLog 和 com.miniprogram.entity 中的类 com.miniprogram.entity.OperationLog 都匹配
[ERROR] /D:/项目管理/小程序搭建与管理系统/backend/src/main/java/com/miniprogram/aspect/OperationLogAspect.java:[123,34] 对OperationLog的引用不明确
[ERROR]   com.miniprogram.annotation 中的类 com.miniprogram.annotation.OperationLog 和 com.miniprogram.entity 中的类 com.miniprogram.entity.OperationLog 都匹配
[ERROR] /D:/项目管理/小程序搭建与管理系统/backend/src/main/java/com/miniprogram/aspect/OperationLogAspect.java:[5,1] com.miniprogram.annotation.OperationLog的 single-type-import 已定义具有相同简名的类型
[ERROR] /D:/项目管理/小程序搭建与管理系统/backend/src/main/java/com/miniprogram/service/CartService.java:[12,38] 找不到符号
[ERROR]   符号: 类 IService
[ERROR] /D:/项目管理/小程序搭建与管理系统/backend/src/main/java/com/miniprogram/service/ProductCategoryService.java:[12,49] 找不到符号
[ERROR]   符号: 类 IService
[ERROR] /D:/项目管理/小程序搭建与管理系统/backend/src/main/java/com/miniprogram/entity/Content.java:[15,30] 找不到符号
[ERROR]   符号: 类 BaseEntity
[ERROR] /D:/项目管理/小程序搭建与管理系统/backend/src/main/java/com/miniprogram/service/PaymentService.java:[9,41] 找不到符号
[ERROR]   符号: 类 IService
[ERROR] /D:/项目管理/小程序搭建与管理系统/backend/src/main/java/com/miniprogram/entity/ContentCategory.java:[13,38] 找不到符号
[ERROR]   符号: 类 BaseEntity
[ERROR] /D:/项目管理/小程序搭建与管理系统/backend/src/main/java/com/miniprogram/entity/ContentTag.java:[13,33] 找不到符号
[ERROR]   符号: 类 BaseEntity
[ERROR] /D:/项目管理/小程序搭建与管理系统/backend/src/main/java/com/miniprogram/service/impl/SystemConfigServiceImpl.java:[59,21] 方法引用无效
[ERROR]   找不到符号
[ERROR]     符号:   方法 getConfigGroup()
[ERROR]     位置: 类 com.miniprogram.entity.SystemConfig
[ERROR] /D:/项目管理/小程序搭建与管理系统/backend/src/main/java/com/miniprogram/service/impl/SystemConfigServiceImpl.java:[60,29] 方法引用无效
[ERROR]   找不到符号
[ERROR]     符号:   方法 getId()
[ERROR]     位置: 类 com.miniprogram.entity.SystemConfig
[ERROR] /D:/项目管理/小程序搭建与管理系统/backend/src/main/java/com/miniprogram/service/impl/SystemConfigServiceImpl.java:[69,38] 找不到符号
[ERROR]   符号:   方法 getConfigs()
[ERROR]   位置: 类型为com.miniprogram.dto.system.ConfigBatchUpdateDTO的变量 dto
[ERROR] /D:/项目管理/小程序搭建与管理系统/backend/src/main/java/com/miniprogram/service/impl/SystemConfigServiceImpl.java:[71,57] 找不到符号
[ERROR]   符号:   方法 getConfigKey()
[ERROR]   位置: 类型为com.miniprogram.dto.system.ConfigItemDTO的变量 item
[ERROR] /D:/项目管理/小程序搭建与管理系统/backend/src/main/java/com/miniprogram/service/impl/SystemConfigServiceImpl.java:[71,25] 方法引用无效
[ERROR]   找不到符号
[ERROR]     符号:   方法 getConfigKey()
[ERROR]     位置: 类 com.miniprogram.entity.SystemConfig
[ERROR] /D:/项目管理/小程序搭建与管理系统/backend/src/main/java/com/miniprogram/service/impl/SystemConfigServiceImpl.java:[75,41] 找不到符号
[ERROR]   符号:   方法 getConfigKey()
[ERROR]   位置: 类型为com.miniprogram.dto.system.ConfigItemDTO的变量 item
[ERROR] /D:/项目管理/小程序搭建与管理系统/backend/src/main/java/com/miniprogram/service/impl/SystemConfigServiceImpl.java:[76,43] 找不到符号
[ERROR]   符号:   方法 getConfigValue()
[ERROR]   位置: 类型为com.miniprogram.dto.system.ConfigItemDTO的变量 item
[ERROR] /D:/项目管理/小程序搭建与管理系统/backend/src/main/java/com/miniprogram/service/impl/SystemConfigServiceImpl.java:[77,23] 找不到符号
[ERROR]   符号:   方法 setConfigGroup(StringUtil[...]asic")
[ERROR]   位置: 类型为com.miniprogram.entity.SystemConfig的变量 config
[ERROR] /D:/项目管理/小程序搭建与管理系统/backend/src/main/java/com/miniprogram/service/impl/SystemConfigServiceImpl.java:[77,63] 找不到符号
[ERROR]   符号:   方法 getConfigGroup()
[ERROR]   位置: 类型为com.miniprogram.dto.system.ConfigItemDTO的变量 item
[ERROR] /D:/项目管理/小程序搭建与管理系统/backend/src/main/java/com/miniprogram/service/impl/SystemConfigServiceImpl.java:[77,88] 找不到符号
[ERROR]   符号:   方法 getConfigGroup()
[ERROR]   位置: 类型为com.miniprogram.dto.system.ConfigItemDTO的变量 item
[ERROR] /D:/项目管理/小程序搭建与管理系统/backend/src/main/java/com/miniprogram/service/impl/SystemConfigServiceImpl.java:[78,43] 找不到符号
[ERROR]   符号:   方法 getDescription()
[ERROR]   位置: 类型为com.miniprogram.dto.system.ConfigItemDTO的变量 item
[ERROR] /D:/项目管理/小程序搭建与管理系统/backend/src/main/java/com/miniprogram/service/impl/SystemConfigServiceImpl.java:[82,43] 找不到符号
[ERROR]   符号:   方法 getConfigValue()
[ERROR]   位置: 类型为com.miniprogram.dto.system.ConfigItemDTO的变量 item
[ERROR] /D:/项目管理/小程序搭建与管理系统/backend/src/main/java/com/miniprogram/service/impl/SystemConfigServiceImpl.java:[83,45] 找不到符号
[ERROR]   符号:   方法 getConfigGroup()
[ERROR]   位置: 类型为com.miniprogram.dto.system.ConfigItemDTO的变量 item
[ERROR] /D:/项目管理/小程序搭建与管理系统/backend/src/main/java/com/miniprogram/service/impl/SystemConfigServiceImpl.java:[84,47] 找不到符号
[ERROR]   符号:   方法 getConfigGroup()
[ERROR]   位置: 类型为com.miniprogram.dto.system.ConfigItemDTO的变量 item
[ERROR] /D:/项目管理/小程序搭建与管理系统/backend/src/main/java/com/miniprogram/service/impl/SystemConfigServiceImpl.java:[86,25] 找不到符号
[ERROR]   符号:   方法 getDescription()
[ERROR]   位置: 类型为com.miniprogram.dto.system.ConfigItemDTO的变量 item
[ERROR] /D:/项目管理/小程序搭建与管理系统/backend/src/main/java/com/miniprogram/service/impl/SystemConfigServiceImpl.java:[87,47] 找不到符号
[ERROR]   符号:   方法 getDescription()
[ERROR]   位置: 类型为com.miniprogram.dto.system.ConfigItemDTO的变量 item
[ERROR] /D:/项目管理/小程序搭建与管理系统/backend/src/main/java/com/miniprogram/service/impl/SystemConfigServiceImpl.java:[102,21] 方法引用无效
[ERROR]   找不到符号
[ERROR]     符号:   方法 getConfigKey()
[ERROR]     位置: 类 com.miniprogram.entity.SystemConfig
[ERROR] /D:/项目管理/小程序搭建与管理系统/backend/src/main/java/com/miniprogram/service/impl/SystemConfigServiceImpl.java:[103,58] 找不到符号
[ERROR]   符号:   方法 getConfigValue()
[ERROR]   位置: 类型为com.miniprogram.entity.SystemConfig的变量 config
[ERROR] /D:/项目管理/小程序搭建与管理系统/backend/src/main/java/com/miniprogram/service/impl/SystemConfigServiceImpl.java:[106,22] 找不到符号
[ERROR]   符号:   方法 getConfigValue()
[ERROR]   位置: 类型为com.miniprogram.entity.SystemConfig的变量 config
[ERROR] /D:/项目管理/小程序搭建与管理系统/backend/src/main/java/com/miniprogram/service/impl/SystemConfigServiceImpl.java:[112,21] 方法引用无效
[ERROR]   找不到符号
[ERROR]     符号:   方法 getConfigKey()
[ERROR]     位置: 类 com.miniprogram.entity.SystemConfig
[ERROR] /D:/项目管理/小程序搭建与管理系统/backend/src/main/java/com/miniprogram/service/impl/SystemConfigServiceImpl.java:[116,30] 找不到符号
[ERROR]   符号:   方法 getConfigKey()
[ERROR]   位置: 类型为com.miniprogram.entity.SystemConfig的变量 config
[ERROR] /D:/项目管理/小程序搭建与管理系统/backend/src/main/java/com/miniprogram/service/impl/SystemConfigServiceImpl.java:[116,53] 找不到符号
[ERROR]   符号:   方法 getConfigValue()
[ERROR]   位置: 类型为com.miniprogram.entity.SystemConfig的变量 config
[ERROR] /D:/项目管理/小程序搭建与管理系统/backend/src/main/java/com/miniprogram/service/impl/SystemConfigServiceImpl.java:[134,50] 找不到符号
[ERROR]   符号:   方法 getConfigKey()
[ERROR]   位置: 类型为com.miniprogram.entity.SystemConfig的变量 config
[ERROR] /D:/项目管理/小程序搭建与管理系统/backend/src/main/java/com/miniprogram/service/impl/SystemConfigServiceImpl.java:[135,46] 找不到符号
[ERROR]   符号:   方法 getConfigValue()
[ERROR]   位置: 类型为com.miniprogram.entity.SystemConfig的变量 config
[ERROR] /D:/项目管理/小程序搭建与管理系统/backend/src/main/java/com/miniprogram/service/impl/SystemConfigServiceImpl.java:[136,51] 找不到符号
[ERROR]   符号:   方法 getConfigValue()
[ERROR]   位置: 类型为com.miniprogram.entity.SystemConfig的变量 config
[ERROR] /D:/项目管理/小程序搭建与管理系统/backend/src/main/java/com/miniprogram/service/impl/AuthServiceImpl.java:[42,65] 找不到符号
[ERROR]   符号:   方法 getUsername()
[ERROR]   位置: 类型为com.miniprogram.dto.LoginDTO的变量 dto
[ERROR] /D:/项目管理/小程序搭建与管理系统/backend/src/main/java/com/miniprogram/service/impl/AuthServiceImpl.java:[48,41] 找不到符号
[ERROR]   符号:   方法 getPassword()
[ERROR]   位置: 类型为com.miniprogram.dto.LoginDTO的变量 dto
[ERROR] /D:/项目管理/小程序搭建与管理系统/backend/src/main/java/com/miniprogram/service/impl/AuthServiceImpl.java:[48,66] 找不到符号
[ERROR]   符号:   方法 getPasswordHash()
[ERROR]   位置: 类型为com.miniprogram.entity.AdminUser的变量 adminUser
[ERROR] /D:/项目管理/小程序搭建与管理系统/backend/src/main/java/com/miniprogram/service/impl/AuthServiceImpl.java:[53,22] 找不到符号
[ERROR]   符号:   方法 getStatus()
[ERROR]   位置: 类型为com.miniprogram.entity.AdminUser的变量 adminUser
[ERROR] /D:/项目管理/小程序搭建与管理系统/backend/src/main/java/com/miniprogram/service/impl/AuthServiceImpl.java:[58,65] 找不到符号
[ERROR]   符号:   方法 getRoleId()
[ERROR]   位置: 类型为com.miniprogram.entity.AdminUser的变量 adminUser
[ERROR] /D:/项目管理/小程序搭建与管理系统/backend/src/main/java/com/miniprogram/service/impl/AuthServiceImpl.java:[59,52] 找不到符号
[ERROR]   符号:   方法 getRoleId()
[ERROR]   位置: 类型为com.miniprogram.entity.AdminUser的变量 adminUser
[ERROR] /D:/项目管理/小程序搭建与管理系统/backend/src/main/java/com/miniprogram/service/impl/AuthServiceImpl.java:[60,46] 找不到符号
[ERROR]   符号:   方法 getName()
[ERROR]   位置: 类型为com.miniprogram.entity.Role的变量 role
[ERROR] /D:/项目管理/小程序搭建与管理系统/backend/src/main/java/com/miniprogram/service/impl/AuthServiceImpl.java:[63,70] 找不到符号
[ERROR]   符号:   方法 getId()
[ERROR]   位置: 类型为com.miniprogram.entity.AdminUser的变量 adminUser
[ERROR] /D:/项目管理/小程序搭建与管理系统/backend/src/main/java/com/miniprogram/service/impl/AuthServiceImpl.java:[63,89] 找不到符号
[ERROR]   符号:   方法 getUsername()
[ERROR]   位置: 类型为com.miniprogram.entity.AdminUser的变量 adminUser
[ERROR] /D:/项目管理/小程序搭建与管理系统/backend/src/main/java/com/miniprogram/service/impl/AuthServiceImpl.java:[64,78] 找不到符号
[ERROR]   符号:   方法 getId()
[ERROR]   位置: 类型为com.miniprogram.entity.AdminUser的变量 adminUser
[ERROR] /D:/项目管理/小程序搭建与管理系统/backend/src/main/java/com/miniprogram/service/impl/AuthServiceImpl.java:[64,97] 找不到符号
[ERROR]   符号:   方法 getUsername()
[ERROR]   位置: 类型为com.miniprogram.entity.AdminUser的变量 adminUser
[ERROR] /D:/项目管理/小程序搭建与管理系统/backend/src/main/java/com/miniprogram/service/impl/AuthServiceImpl.java:[67,18] 找不到符号
[ERROR]   符号:   方法 setLastLoginAt(java.time.LocalDateTime)
[ERROR]   位置: 类型为com.miniprogram.entity.AdminUser的变量 adminUser
[ERROR] /D:/项目管理/小程序搭建与管理系统/backend/src/main/java/com/miniprogram/service/impl/AuthServiceImpl.java:[71,23] 找不到符号
[ERROR]   符号:   方法 builder()
[ERROR]   位置: 类 com.miniprogram.dto.LoginVO
[ERROR] /D:/项目管理/小程序搭建与管理系统/backend/src/main/java/com/miniprogram/service/impl/AuthServiceImpl.java:[76,34] 找不到符号
[ERROR]   符号:   方法 getId()
[ERROR]   位置: 类型为com.miniprogram.entity.AdminUser的变量 adminUser
[ERROR] /D:/项目管理/小程序搭建与管理系统/backend/src/main/java/com/miniprogram/service/impl/AuthServiceImpl.java:[77,36] 找不到符号
[ERROR]   符号:   方法 getUsername()
[ERROR]   位置: 类型为com.miniprogram.entity.AdminUser的变量 adminUser
[ERROR] /D:/项目管理/小程序搭建与管理系统/backend/src/main/java/com/miniprogram/service/impl/AuthServiceImpl.java:[78,36] 找不到符号
[ERROR]   符号:   方法 getRealName()
[ERROR]   位置: 类型为com.miniprogram.entity.AdminUser的变量 adminUser
[ERROR] /D:/项目管理/小程序搭建与管理系统/backend/src/main/java/com/miniprogram/service/impl/AuthServiceImpl.java:[87,48] 找不到符号
[ERROR]   符号:   方法 getRefreshToken()
[ERROR]   位置: 类型为com.miniprogram.dto.RefreshTokenDTO的变量 dto
[ERROR] /D:/项目管理/小程序搭建与管理系统/backend/src/main/java/com/miniprogram/service/impl/AuthServiceImpl.java:[92,62] 找不到符号
[ERROR]   符号:   方法 getRefreshToken()
[ERROR]   位置: 类型为com.miniprogram.dto.RefreshTokenDTO的变量 dto
[ERROR] /D:/项目管理/小程序搭建与管理系统/backend/src/main/java/com/miniprogram/service/impl/AuthServiceImpl.java:[93,68] 找不到符号
[ERROR]   符号:   方法 getRefreshToken()
[ERROR]   位置: 类型为com.miniprogram.dto.RefreshTokenDTO的变量 dto
[ERROR] /D:/项目管理/小程序搭建与管理系统/backend/src/main/java/com/miniprogram/service/impl/AuthServiceImpl.java:[100,22] 找不到符号
[ERROR]   符号:   方法 getStatus()
[ERROR]   位置: 类型为com.miniprogram.entity.AdminUser的变量 adminUser
[ERROR] /D:/项目管理/小程序搭建与管理系统/backend/src/main/java/com/miniprogram/service/impl/AuthServiceImpl.java:[105,65] 找不到符号
[ERROR]   符号:   方法 getRoleId()
[ERROR]   位置: 类型为com.miniprogram.entity.AdminUser的变量 adminUser
[ERROR] /D:/项目管理/小程序搭建与管理系统/backend/src/main/java/com/miniprogram/service/impl/AuthServiceImpl.java:[106,52] 找不到符号
[ERROR]   符号:   方法 getRoleId()
[ERROR]   位置: 类型为com.miniprogram.entity.AdminUser的变量 adminUser
[ERROR] /D:/项目管理/小程序搭建与管理系统/backend/src/main/java/com/miniprogram/service/impl/AuthServiceImpl.java:[107,46] 找不到符号
[ERROR]   符号:   方法 getName()
[ERROR]   位置: 类型为com.miniprogram.entity.Role的变量 role
[ERROR] /D:/项目管理/小程序搭建与管理系统/backend/src/main/java/com/miniprogram/service/impl/AuthServiceImpl.java:[114,23] 找不到符号
[ERROR]   符号:   方法 builder()
[ERROR]   位置: 类 com.miniprogram.dto.LoginVO
[ERROR] /D:/项目管理/小程序搭建与管理系统/backend/src/main/java/com/miniprogram/service/impl/AuthServiceImpl.java:[121,36] 找不到符号
[ERROR]   符号:   方法 getRealName()
[ERROR]   位置: 类型为com.miniprogram.entity.AdminUser的变量 adminUser
[ERROR] /D:/项目管理/小程序搭建与管理系统/backend/src/main/java/com/miniprogram/service/impl/AuthServiceImpl.java:[131,9] 找不到符号
[ERROR]   符号:   变量 log
[ERROR]   位置: 类 com.miniprogram.service.impl.AuthServiceImpl
[ERROR] /D:/项目管理/小程序搭建与管理系统/backend/src/main/java/com/miniprogram/service/impl/AuthServiceImpl.java:[142,65] 找不到符号
[ERROR]   符号:   方法 getRoleId()
[ERROR]   位置: 类型为com.miniprogram.entity.AdminUser的变量 adminUser
[ERROR] /D:/项目管理/小程序搭建与管理系统/backend/src/main/java/com/miniprogram/service/impl/AuthServiceImpl.java:[143,52] 找不到符号
[ERROR]   符号:   方法 getRoleId()
[ERROR]   位置: 类型为com.miniprogram.entity.AdminUser的变量 adminUser
[ERROR] /D:/项目管理/小程序搭建与管理系统/backend/src/main/java/com/miniprogram/service/impl/AuthServiceImpl.java:[144,46] 找不到符号
[ERROR]   符号:   方法 getName()
[ERROR]   位置: 类型为com.miniprogram.entity.Role的变量 role
[ERROR] /D:/项目管理/小程序搭建与管理系统/backend/src/main/java/com/miniprogram/service/impl/AuthServiceImpl.java:[145,85] 找不到符号
[ERROR]   符号:   方法 getRoleId()
[ERROR]   位置: 类型为com.miniprogram.entity.AdminUser的变量 adminUser
[ERROR] /D:/项目管理/小程序搭建与管理系统/backend/src/main/java/com/miniprogram/service/impl/AuthServiceImpl.java:[147,27] 找不到符号
[ERROR]   符号:   方法 builder()
[ERROR]   位置: 类 com.miniprogram.dto.AdminUserVO
[ERROR] /D:/项目管理/小程序搭建与管理系统/backend/src/main/java/com/miniprogram/service/impl/AuthServiceImpl.java:[148,30] 找不到符号
[ERROR]   符号:   方法 getId()
[ERROR]   位置: 类型为com.miniprogram.entity.AdminUser的变量 adminUser
[ERROR] /D:/项目管理/小程序搭建与管理系统/backend/src/main/java/com/miniprogram/service/impl/AuthServiceImpl.java:[149,36] 找不到符号
[ERROR]   符号:   方法 getUsername()
[ERROR]   位置: 类型为com.miniprogram.entity.AdminUser的变量 adminUser
[ERROR] /D:/项目管理/小程序搭建与管理系统/backend/src/main/java/com/miniprogram/service/impl/AuthServiceImpl.java:[150,36] 找不到符号
[ERROR]   符号:   方法 getRealName()
[ERROR]   位置: 类型为com.miniprogram.entity.AdminUser的变量 adminUser
[ERROR] /D:/项目管理/小程序搭建与管理系统/backend/src/main/java/com/miniprogram/service/impl/AuthServiceImpl.java:[151,33] 找不到符号
[ERROR]   符号:   方法 getPhone()
[ERROR]   位置: 类型为com.miniprogram.entity.AdminUser的变量 adminUser
[ERROR] /D:/项目管理/小程序搭建与管理系统/backend/src/main/java/com/miniprogram/service/impl/AuthServiceImpl.java:[152,37] 找不到符号
[ERROR]   符号:   方法 getAvatarUrl()
[ERROR]   位置: 类型为com.miniprogram.entity.AdminUser的变量 adminUser
[ERROR] /D:/项目管理/小程序搭建与管理系统/backend/src/main/java/com/miniprogram/service/impl/AuthServiceImpl.java:[153,34] 找不到符号
[ERROR]   符号:   方法 getRoleId()
[ERROR]   位置: 类型为com.miniprogram.entity.AdminUser的变量 adminUser
[ERROR] /D:/项目管理/小程序搭建与管理系统/backend/src/main/java/com/miniprogram/service/impl/AuthServiceImpl.java:[156,34] 找不到符号
[ERROR]   符号:   方法 getStatus()
[ERROR]   位置: 类型为com.miniprogram.entity.AdminUser的变量 adminUser
[ERROR] /D:/项目管理/小程序搭建与管理系统/backend/src/main/java/com/miniprogram/service/impl/AuthServiceImpl.java:[157,39] 找不到符号
[ERROR]   符号:   方法 getLastLoginAt()
[ERROR]   位置: 类型为com.miniprogram.entity.AdminUser的变量 adminUser
[ERROR] /D:/项目管理/小程序搭建与管理系统/backend/src/main/java/com/miniprogram/service/impl/AuthServiceImpl.java:[158,38] 找不到符号
[ERROR]   符号:   方法 getCreateTime()
[ERROR]   位置: 类型为com.miniprogram.entity.AdminUser的变量 adminUser
[ERROR] /D:/项目管理/小程序搭建与管理系统/backend/src/main/java/com/miniprogram/service/impl/AuthServiceImpl.java:[172,41] 找不到符号
[ERROR]   符号:   方法 getOldPassword()
[ERROR]   位置: 类型为com.miniprogram.dto.ChangePasswordDTO的变量 dto
[ERROR] /D:/项目管理/小程序搭建与管理系统/backend/src/main/java/com/miniprogram/service/impl/AuthServiceImpl.java:[172,69] 找不到符号
[ERROR]   符号:   方法 getPasswordHash()
[ERROR]   位置: 类型为com.miniprogram.entity.AdminUser的变量 adminUser
[ERROR] /D:/项目管理/小程序搭建与管理系统/backend/src/main/java/com/miniprogram/service/impl/AuthServiceImpl.java:[177,61] 找不到符号
[ERROR]   符号:   方法 getNewPassword()
[ERROR]   位置: 类型为com.miniprogram.dto.ChangePasswordDTO的变量 dto
[ERROR] /D:/项目管理/小程序搭建与管理系统/backend/src/main/java/com/miniprogram/service/impl/AuthServiceImpl.java:[179,9] 找不到符号
[ERROR]   符号:   变量 log
[ERROR]   位置: 类 com.miniprogram.service.impl.AuthServiceImpl
[ERROR] /D:/项目管理/小程序搭建与管理系统/backend/src/main/java/com/miniprogram/security/JwtTokenProvider.java:[68,13] 找不到符号
[ERROR]   符号:   变量 log
[ERROR]   位置: 类 com.miniprogram.security.JwtTokenProvider
[ERROR] /D:/项目管理/小程序搭建与管理系统/backend/src/main/java/com/miniprogram/security/JwtTokenProvider.java:[70,13] 找不到符号
[ERROR]   符号:   变量 log
[ERROR]   位置: 类 com.miniprogram.security.JwtTokenProvider
[ERROR] /D:/项目管理/小程序搭建与管理系统/backend/src/main/java/com/miniprogram/security/JwtTokenProvider.java:[72,13] 找不到符号
[ERROR]   符号:   变量 log
[ERROR]   位置: 类 com.miniprogram.security.JwtTokenProvider
[ERROR] /D:/项目管理/小程序搭建与管理系统/backend/src/main/java/com/miniprogram/security/JwtTokenProvider.java:[74,13] 找不到符号
[ERROR]   符号:   变量 log
[ERROR]   位置: 类 com.miniprogram.security.JwtTokenProvider
[ERROR] /D:/项目管理/小程序搭建与管理系统/backend/src/main/java/com/miniprogram/security/JwtTokenProvider.java:[76,13] 找不到符号
[ERROR]   符号:   变量 log
[ERROR]   位置: 类 com.miniprogram.security.JwtTokenProvider
[ERROR] /D:/项目管理/小程序搭建与管理系统/backend/src/main/java/com/miniprogram/service/impl/FormTemplateServiceImpl.java:[41,97] 找不到符号
[ERROR]   符号:   方法 getKeyword()
[ERROR]   位置: 类型为com.miniprogram.dto.FormTemplateQueryDTO的变量 queryDTO
[ERROR] /D:/项目管理/小程序搭建与管理系统/backend/src/main/java/com/miniprogram/service/impl/FormTemplateServiceImpl.java:[41,66] 方法引用无效
[ERROR]   找不到符号
[ERROR]     符号:   方法 getName()
[ERROR]     位置: 类 com.miniprogram.entity.FormTemplate
[ERROR] /D:/项目管理/小程序搭建与管理系统/backend/src/main/java/com/miniprogram/service/impl/FormTemplateServiceImpl.java:[41,50] 找不到符号
[ERROR]   符号:   方法 getKeyword()
[ERROR]   位置: 类型为com.miniprogram.dto.FormTemplateQueryDTO的变量 queryDTO
[ERROR] /D:/项目管理/小程序搭建与管理系统/backend/src/main/java/com/miniprogram/service/impl/FormTemplateServiceImpl.java:[42,28] 找不到符号
[ERROR]   符号:   方法 getStatus()
[ERROR]   位置: 类型为com.miniprogram.dto.FormTemplateQueryDTO的变量 queryDTO
[ERROR] /D:/项目管理/小程序搭建与管理系统/backend/src/main/java/com/miniprogram/service/impl/FormTemplateServiceImpl.java:[42,83] 找不到符号
[ERROR]   符号:   方法 getStatus()
[ERROR]   位置: 类型为com.miniprogram.dto.FormTemplateQueryDTO的变量 queryDTO
[ERROR] /D:/项目管理/小程序搭建与管理系统/backend/src/main/java/com/miniprogram/service/impl/FormTemplateServiceImpl.java:[42,50] 方法引用无效
[ERROR]   找不到符号
[ERROR]     符号:   方法 getStatus()
[ERROR]     位置: 类 com.miniprogram.entity.FormTemplate
[ERROR] /D:/项目管理/小程序搭建与管理系统/backend/src/main/java/com/miniprogram/service/impl/FormTemplateServiceImpl.java:[43,29] 方法引用无效
[ERROR]   找不到符号
[ERROR]     符号:   方法 getUpdateTime()
[ERROR]     位置: 类 com.miniprogram.entity.FormTemplate
[ERROR] /D:/项目管理/小程序搭建与管理系统/backend/src/main/java/com/miniprogram/service/impl/FormTemplateServiceImpl.java:[46,100] 找不到符号
[ERROR]   符号:   方法 getCurrent()
[ERROR]   位置: 类型为com.miniprogram.dto.FormTemplateQueryDTO的变量 queryDTO
[ERROR] /D:/项目管理/小程序搭建与管理系统/backend/src/main/java/com/miniprogram/service/impl/FormTemplateServiceImpl.java:[46,123] 找不到符号
[ERROR]   符号:   方法 getSize()
[ERROR]   位置: 类型为com.miniprogram.dto.FormTemplateQueryDTO的变量 queryDTO
[ERROR] /D:/项目管理/小程序搭建与管理系统/backend/src/main/java/com/miniprogram/service/impl/FormTemplateServiceImpl.java:[49,15] 找不到符号
[ERROR]   符号:   方法 setTotal(long)
[ERROR]   位置: 类型为com.miniprogram.common.PageResult<com.miniprogram.dto.FormTemplateVO>的变量 result
[ERROR] /D:/项目管理/小程序搭建与管理系统/backend/src/main/java/com/miniprogram/service/impl/FormTemplateServiceImpl.java:[50,15] 找不到符号
[ERROR]   符号:   方法 setCurrent(long)
[ERROR]   位置: 类型为com.miniprogram.common.PageResult<com.miniprogram.dto.FormTemplateVO>的变量 result
[ERROR] /D:/项目管理/小程序搭建与管理系统/backend/src/main/java/com/miniprogram/service/impl/FormTemplateServiceImpl.java:[51,15] 找不到符号
[ERROR]   符号:   方法 setSize(long)
[ERROR]   位置: 类型为com.miniprogram.common.PageResult<com.miniprogram.dto.FormTemplateVO>的变量 result
[ERROR] /D:/项目管理/小程序搭建与管理系统/backend/src/main/java/com/miniprogram/service/impl/FormTemplateServiceImpl.java:[52,15] 找不到符号
[ERROR]   符号:   方法 setRecords(java.util.List<com.miniprogram.dto.FormTemplateVO>)
[ERROR]   位置: 类型为com.miniprogram.common.PageResult<com.miniprogram.dto.FormTemplateVO>的变量 result
[ERROR] -> [Help 1]
[ERROR] 
[ERROR] To see the full stack trace of the errors, re-run Maven with the -e switch.
[ERROR] Re-run Maven using the -X switch to enable full debug logging.
[ERROR] 
[ERROR] For more information about the errors and possible solutions, please read the following articles:
[ERROR] [Help 1] http://cwiki.apache.org/confluence/display/MAVEN/MojoFailureException
